D:\Desktop origins\Progs\HedwigMS\src\main\java\hedwig\cloud\handler\GetMerchantHandler.java
D:\Desktop origins\Progs\HedwigMS\src\main\java\hedwig\config\ErrorMessage.java
D:\Desktop origins\Progs\HedwigMS\src\main\java\hedwig\config\HedwigExceptionHandler.java
D:\Desktop origins\Progs\HedwigMS\src\main\java\hedwig\constants\ErrorConstants.java
D:\Desktop origins\Progs\HedwigMS\src\main\java\hedwig\controller\MerchantController.java
D:\Desktop origins\Progs\HedwigMS\src\main\java\hedwig\controller\MessageController.java
D:\Desktop origins\Progs\HedwigMS\src\main\java\hedwig\dto\MerchantDto.java
D:\Desktop origins\Progs\HedwigMS\src\main\java\hedwig\entity\Credential.java
D:\Desktop origins\Progs\HedwigMS\src\main\java\hedwig\entity\Merchant.java
D:\Desktop origins\Progs\HedwigMS\src\main\java\hedwig\entity\SinchCredentials.java
D:\Desktop origins\Progs\HedwigMS\src\main\java\hedwig\entity\SmsProvider.java
D:\Desktop origins\Progs\HedwigMS\src\main\java\hedwig\entity\SmsRequest.java
D:\Desktop origins\Progs\HedwigMS\src\main\java\hedwig\entity\TwilioCredentials.java
D:\Desktop origins\Progs\HedwigMS\src\main\java\hedwig\exception\BadMerchantRequestException.java
D:\Desktop origins\Progs\HedwigMS\src\main\java\hedwig\exception\BadSinchCredentialException.java
D:\Desktop origins\Progs\HedwigMS\src\main\java\hedwig\exception\BadSmsRequestException.java
D:\Desktop origins\Progs\HedwigMS\src\main\java\hedwig\exception\BadTwilioCredentialException.java
D:\Desktop origins\Progs\HedwigMS\src\main\java\hedwig\HedwigMsApplication.java
D:\Desktop origins\Progs\HedwigMS\src\main\java\hedwig\repo\MerchantRepo.java
D:\Desktop origins\Progs\HedwigMS\src\main\java\hedwig\repo\SinchRepo.java
D:\Desktop origins\Progs\HedwigMS\src\main\java\hedwig\repo\SmsRepo.java
D:\Desktop origins\Progs\HedwigMS\src\main\java\hedwig\repo\TwilioRepo.java
D:\Desktop origins\Progs\HedwigMS\src\main\java\hedwig\services\MerchantServices.java
D:\Desktop origins\Progs\HedwigMS\src\main\java\hedwig\services\MessageService.java
D:\Desktop origins\Progs\HedwigMS\src\main\java\hedwig\services\RequestValidatorService.java
D:\Desktop origins\Progs\HedwigMS\src\main\java\hedwig\ServletInitializer.java
